<?xml version="1.0"?>
<link_info>
   <banner>TMS320C55x Linker PC v4.4.1</banner>
   <copyright>Copyright (c) 1996-2012 Texas Instruments Incorporated</copyright>
   <link_time>0x5e65fe75</link_time>
   <output_file>ZPS_T0-3.out</output_file>
   <entry_point>
      <name>_c_int00</name>
      <address>0x21517</address>
   </entry_point>
   <input_file_list>
      <input_file id="fl-2">
         <path>.\</path>
         <kind>object</kind>
         <file>iircas51.obj</file>
         <name>iircas51.obj</name>
      </input_file>
      <input_file id="fl-3">
         <path>.\</path>
         <kind>object</kind>
         <file>main.obj</file>
         <name>main.obj</name>
      </input_file>
      <input_file id="fl-a">
         <path>D:\ZPS_Projekt_T0-3\lib\</path>
         <kind>archive</kind>
         <file>ezdsp5535.lib</file>
         <name>PLL.obj</name>
      </input_file>
      <input_file id="fl-b">
         <path>D:\ZPS_Projekt_T0-3\lib\</path>
         <kind>archive</kind>
         <file>ezdsp5535.lib</file>
         <name>aic3204.obj</name>
      </input_file>
      <input_file id="fl-c">
         <path>D:\ZPS_Projekt_T0-3\lib\</path>
         <kind>archive</kind>
         <file>ezdsp5535.lib</file>
         <name>aic3204_init.obj</name>
      </input_file>
      <input_file id="fl-d">
         <path>D:\ZPS_Projekt_T0-3\lib\</path>
         <kind>archive</kind>
         <file>ezdsp5535.lib</file>
         <name>csl_pll.obj</name>
      </input_file>
      <input_file id="fl-e">
         <path>D:\ZPS_Projekt_T0-3\lib\</path>
         <kind>archive</kind>
         <file>ezdsp5535.lib</file>
         <name>oled5515.obj</name>
      </input_file>
      <input_file id="fl-f">
         <path>D:\ZPS_Projekt_T0-3\lib\</path>
         <kind>archive</kind>
         <file>ezdsp5535.lib</file>
         <name>pushbuttons5515.obj</name>
      </input_file>
      <input_file id="fl-10">
         <path>D:\ZPS_Projekt_T0-3\lib\</path>
         <kind>archive</kind>
         <file>ezdsp5535.lib</file>
         <name>usbstk5505.obj</name>
      </input_file>
      <input_file id="fl-11">
         <path>D:\ZPS_Projekt_T0-3\lib\</path>
         <kind>archive</kind>
         <file>ezdsp5535.lib</file>
         <name>usbstk5505_i2c.obj</name>
      </input_file>
      <input_file id="fl-12">
         <path>D:\ZPS_Projekt_T0-3\lib\</path>
         <kind>archive</kind>
         <file>ezdsp5535.lib</file>
         <name>usbstk5515.obj</name>
      </input_file>
      <input_file id="fl-13">
         <path>D:\ZPS_Projekt_T0-3\lib\</path>
         <kind>archive</kind>
         <file>ezdsp5535.lib</file>
         <name>usbstk5515_gpio.obj</name>
      </input_file>
      <input_file id="fl-14">
         <path>D:\ZPS_Projekt_T0-3\lib\</path>
         <kind>archive</kind>
         <file>ezdsp5535.lib</file>
         <name>usbstk5515_i2c.obj</name>
      </input_file>
      <input_file id="fl-15">
         <path>D:\ZPS_Projekt_T0-3\lib\</path>
         <kind>archive</kind>
         <file>ezdsp5535.lib</file>
         <name>usbstk5515_led.obj</name>
      </input_file>
      <input_file id="fl-29">
         <path>C:\ti\ccsv6\tools\compiler\c5500_4.4.1\lib\</path>
         <kind>archive</kind>
         <file>rts55h.lib</file>
         <name>boot.obj</name>
      </input_file>
      <input_file id="fl-2a">
         <path>C:\ti\ccsv6\tools\compiler\c5500_4.4.1\lib\</path>
         <kind>archive</kind>
         <file>rts55h.lib</file>
         <name>exit.obj</name>
      </input_file>
      <input_file id="fl-2b">
         <path>C:\ti\ccsv6\tools\compiler\c5500_4.4.1\lib\</path>
         <kind>archive</kind>
         <file>rts55h.lib</file>
         <name>vectors.obj</name>
      </input_file>
      <input_file id="fl-2c">
         <path>C:\ti\ccsv6\tools\compiler\c5500_4.4.1\lib\</path>
         <kind>archive</kind>
         <file>rts55h.lib</file>
         <name>_lock.obj</name>
      </input_file>
      <input_file id="fl-2d">
         <path>C:\ti\ccsv6\tools\compiler\c5500_4.4.1\lib\</path>
         <kind>archive</kind>
         <file>rts55h.lib</file>
         <name>args_main.obj</name>
      </input_file>
      <input_file id="fl-2e">
         <path>C:\ti\ccsv6\tools\compiler\c5500_4.4.1\lib\</path>
         <kind>archive</kind>
         <file>rts55h.lib</file>
         <name>autoinit.obj</name>
      </input_file>
   </input_file_list>
   <object_component_list>
      <object_component id="oc-2b">
         <name>.text</name>
         <load_address>0x20000</load_address>
         <run_address>0x20000</run_address>
         <size>0x470</size>
         <input_file_ref idref="fl-c"/>
      </object_component>
      <object_component id="oc-33">
         <name>.text</name>
         <load_address>0x20470</load_address>
         <run_address>0x20470</run_address>
         <size>0x30e</size>
         <input_file_ref idref="fl-e"/>
      </object_component>
      <object_component id="oc-2f">
         <name>.text</name>
         <load_address>0x2077e</load_address>
         <run_address>0x2077e</run_address>
         <size>0x1d9</size>
         <input_file_ref idref="fl-d"/>
      </object_component>
      <object_component id="oc-19">
         <name>.text</name>
         <load_address>0x20957</load_address>
         <run_address>0x20957</run_address>
         <size>0x1ae</size>
         <input_file_ref idref="fl-3"/>
      </object_component>
      <object_component id="oc-57">
         <name>.text</name>
         <load_address>0x20b05</load_address>
         <run_address>0x20b05</run_address>
         <size>0x17e</size>
         <input_file_ref idref="fl-15"/>
      </object_component>
      <object_component id="oc-39">
         <name>.text</name>
         <load_address>0x20c83</load_address>
         <run_address>0x20c83</run_address>
         <size>0x169</size>
         <input_file_ref idref="fl-f"/>
      </object_component>
      <object_component id="oc-20">
         <name>.text</name>
         <load_address>0x20dec</load_address>
         <run_address>0x20dec</run_address>
         <size>0x144</size>
         <input_file_ref idref="fl-a"/>
      </object_component>
      <object_component id="oc-51">
         <name>.text</name>
         <load_address>0x20f30</load_address>
         <run_address>0x20f30</run_address>
         <size>0x11c</size>
         <input_file_ref idref="fl-14"/>
      </object_component>
      <object_component id="oc-43">
         <name>.text</name>
         <load_address>0x2104c</load_address>
         <run_address>0x2104c</run_address>
         <size>0x118</size>
         <input_file_ref idref="fl-11"/>
      </object_component>
      <object_component id="oc-26">
         <name>.text</name>
         <load_address>0x21164</load_address>
         <run_address>0x21164</run_address>
         <size>0xeb</size>
         <input_file_ref idref="fl-b"/>
      </object_component>
      <object_component id="oc-4d">
         <name>.text</name>
         <load_address>0x2124f</load_address>
         <run_address>0x2124f</run_address>
         <size>0xe8</size>
         <input_file_ref idref="fl-13"/>
      </object_component>
      <object_component id="oc-15">
         <name>.text</name>
         <load_address>0x21337</load_address>
         <run_address>0x21337</run_address>
         <size>0x82</size>
         <input_file_ref idref="fl-2"/>
      </object_component>
      <object_component id="oc-74">
         <name>.text</name>
         <load_address>0x213b9</load_address>
         <run_address>0x213b9</run_address>
         <size>0x4d</size>
         <input_file_ref idref="fl-2e"/>
      </object_component>
      <object_component id="oc-70">
         <name>.text</name>
         <load_address>0x21406</load_address>
         <run_address>0x21406</run_address>
         <size>0x49</size>
         <input_file_ref idref="fl-2d"/>
      </object_component>
      <object_component id="oc-3f">
         <name>.text</name>
         <load_address>0x2144f</load_address>
         <run_address>0x2144f</run_address>
         <size>0x45</size>
         <input_file_ref idref="fl-10"/>
      </object_component>
      <object_component id="oc-49">
         <name>.text</name>
         <load_address>0x21494</load_address>
         <run_address>0x21494</run_address>
         <size>0x45</size>
         <input_file_ref idref="fl-12"/>
      </object_component>
      <object_component id="oc-5f">
         <name>.text</name>
         <load_address>0x214d9</load_address>
         <run_address>0x214d9</run_address>
         <size>0x3e</size>
         <input_file_ref idref="fl-2a"/>
      </object_component>
      <object_component id="oc-13">
         <name>.text</name>
         <load_address>0x21517</load_address>
         <run_address>0x21517</run_address>
         <size>0x34</size>
         <input_file_ref idref="fl-29"/>
      </object_component>
      <object_component id="oc-6a">
         <name>.text</name>
         <load_address>0x2154b</load_address>
         <run_address>0x2154b</run_address>
         <size>0x12</size>
         <input_file_ref idref="fl-2c"/>
      </object_component>
      <object_component id="oc-63">
         <name>.text:CIO_breakpoint</name>
         <load_address>0x2155d</load_address>
         <run_address>0x2155d</run_address>
         <size>0x7</size>
         <input_file_ref idref="fl-2a"/>
      </object_component>
      <object_component id="oc-66">
         <name>.text</name>
         <load_address>0x21564</load_address>
         <run_address>0x21564</run_address>
         <size>0x2</size>
         <input_file_ref idref="fl-2b"/>
      </object_component>
      <object_component id="oc-5b">
         <name>.stack</name>
         <uninitialized>true</uninitialized>
         <run_address>0xc0</run_address>
         <size>0x0</size>
         <input_file_ref idref="fl-29"/>
      </object_component>
      <object_component id="oc-94">
         <name>.stack</name>
         <uninitialized>true</uninitialized>
         <run_address>0xc0</run_address>
         <size>0x0</size>
      </object_component>
      <object_component id="oc-78">
         <name>.sysstack</name>
         <uninitialized>true</uninitialized>
         <run_address>0x20c0</run_address>
         <size>0x0</size>
         <input_file_ref idref="fl-29"/>
      </object_component>
      <object_component id="oc-95">
         <name>.sysstack</name>
         <uninitialized>true</uninitialized>
         <run_address>0x20c0</run_address>
         <size>0x0</size>
      </object_component>
      <object_component id="oc-34">
         <name>.bss</name>
         <uninitialized>true</uninitialized>
         <run_address>0x30c0</run_address>
         <size>0x178</size>
         <input_file_ref idref="fl-e"/>
      </object_component>
      <object_component id="oc-21">
         <name>.bss</name>
         <uninitialized>true</uninitialized>
         <run_address>0x3238</run_address>
         <size>0x6c</size>
         <input_file_ref idref="fl-a"/>
      </object_component>
      <object_component id="oc-3a">
         <name>.bss</name>
         <uninitialized>true</uninitialized>
         <run_address>0x32a4</run_address>
         <size>0xe</size>
         <input_file_ref idref="fl-f"/>
      </object_component>
      <object_component id="oc-1a">
         <name>.bss</name>
         <uninitialized>true</uninitialized>
         <run_address>0x32b2</run_address>
         <size>0xa</size>
         <input_file_ref idref="fl-3"/>
      </object_component>
      <object_component id="oc-6b">
         <name>.bss</name>
         <uninitialized>true</uninitialized>
         <run_address>0x32bc</run_address>
         <size>0x8</size>
         <input_file_ref idref="fl-2c"/>
      </object_component>
      <object_component id="oc-60">
         <name>.bss</name>
         <uninitialized>true</uninitialized>
         <run_address>0x32c4</run_address>
         <size>0x8</size>
         <input_file_ref idref="fl-2a"/>
      </object_component>
      <object_component id="oc-27">
         <name>.bss</name>
         <uninitialized>true</uninitialized>
         <run_address>0x32cc</run_address>
         <size>0x4</size>
         <input_file_ref idref="fl-b"/>
      </object_component>
      <object_component id="oc-44">
         <name>.bss</name>
         <uninitialized>true</uninitialized>
         <run_address>0x32d0</run_address>
         <size>0x4</size>
         <input_file_ref idref="fl-11"/>
      </object_component>
      <object_component id="oc-52">
         <name>.bss</name>
         <uninitialized>true</uninitialized>
         <run_address>0x32d4</run_address>
         <size>0x4</size>
         <input_file_ref idref="fl-14"/>
      </object_component>
      <object_component id="oc-1c">
         <name>.const:.string</name>
         <load_address>0x32d8</load_address>
         <run_address>0x32d8</run_address>
         <size>0x118</size>
         <input_file_ref idref="fl-3"/>
      </object_component>
      <object_component id="oc-79">
         <name>.const:_wsp_iir</name>
         <load_address>0x33f0</load_address>
         <run_address>0x33f0</run_address>
         <size>0xa</size>
         <input_file_ref idref="fl-3"/>
      </object_component>
      <object_component id="oc-36">
         <name>.cinit</name>
         <load_address>0x40000</load_address>
         <run_address>0x40000</run_address>
         <size>0x184</size>
         <input_file_ref idref="fl-e"/>
      </object_component>
      <object_component id="oc-23">
         <name>.cinit</name>
         <load_address>0x40184</load_address>
         <run_address>0x40184</run_address>
         <size>0x8c</size>
         <input_file_ref idref="fl-a"/>
      </object_component>
      <object_component id="oc-3c">
         <name>.cinit</name>
         <load_address>0x40210</load_address>
         <run_address>0x40210</run_address>
         <size>0x2c</size>
         <input_file_ref idref="fl-f"/>
      </object_component>
      <object_component id="oc-6d">
         <name>.cinit</name>
         <load_address>0x4023c</load_address>
         <run_address>0x4023c</run_address>
         <size>0x14</size>
         <input_file_ref idref="fl-2c"/>
      </object_component>
      <object_component id="oc-62">
         <name>.cinit</name>
         <load_address>0x40250</load_address>
         <run_address>0x40250</run_address>
         <size>0x14</size>
         <input_file_ref idref="fl-2a"/>
      </object_component>
      <object_component id="oc-46">
         <name>.cinit</name>
         <load_address>0x40264</load_address>
         <run_address>0x40264</run_address>
         <size>0xa</size>
         <input_file_ref idref="fl-11"/>
      </object_component>
      <object_component id="oc-54">
         <name>.cinit</name>
         <load_address>0x4026e</load_address>
         <run_address>0x4026e</run_address>
         <size>0xa</size>
         <input_file_ref idref="fl-14"/>
      </object_component>
      <object_component id="oc-14">
         <name>vectors</name>
         <load_address>0x4fe00</load_address>
         <run_address>0x4fe00</run_address>
         <size>0x100</size>
         <input_file_ref idref="fl-2b"/>
      </object_component>
      <object_component id="oc-16">
         <name>.debug_info</name>
         <load_address>0x0</load_address>
         <run_address>0x0</run_address>
         <size>0xc9</size>
         <input_file_ref idref="fl-2"/>
      </object_component>
      <object_component id="oc-1b">
         <name>.debug_info</name>
         <load_address>0xc9</load_address>
         <run_address>0xc9</run_address>
         <size>0xdbf</size>
         <input_file_ref idref="fl-3"/>
      </object_component>
      <object_component id="oc-22">
         <name>.debug_info</name>
         <load_address>0xe88</load_address>
         <run_address>0xe88</run_address>
         <size>0xf18</size>
         <input_file_ref idref="fl-a"/>
      </object_component>
      <object_component id="oc-28">
         <name>.debug_info</name>
         <load_address>0x1da0</load_address>
         <run_address>0x1da0</run_address>
         <size>0xa2e</size>
         <input_file_ref idref="fl-b"/>
      </object_component>
      <object_component id="oc-2c">
         <name>.debug_info</name>
         <load_address>0x27ce</load_address>
         <run_address>0x27ce</run_address>
         <size>0xd7f</size>
         <input_file_ref idref="fl-c"/>
      </object_component>
      <object_component id="oc-30">
         <name>.debug_info</name>
         <load_address>0x354d</load_address>
         <run_address>0x354d</run_address>
         <size>0xe95</size>
         <input_file_ref idref="fl-d"/>
      </object_component>
      <object_component id="oc-35">
         <name>.debug_info</name>
         <load_address>0x43e2</load_address>
         <run_address>0x43e2</run_address>
         <size>0xe6f</size>
         <input_file_ref idref="fl-e"/>
      </object_component>
      <object_component id="oc-3b">
         <name>.debug_info</name>
         <load_address>0x5251</load_address>
         <run_address>0x5251</run_address>
         <size>0x614</size>
         <input_file_ref idref="fl-f"/>
      </object_component>
      <object_component id="oc-40">
         <name>.debug_info</name>
         <load_address>0x5865</load_address>
         <run_address>0x5865</run_address>
         <size>0x65b</size>
         <input_file_ref idref="fl-10"/>
      </object_component>
      <object_component id="oc-45">
         <name>.debug_info</name>
         <load_address>0x5ec0</load_address>
         <run_address>0x5ec0</run_address>
         <size>0xa72</size>
         <input_file_ref idref="fl-11"/>
      </object_component>
      <object_component id="oc-4a">
         <name>.debug_info</name>
         <load_address>0x6932</load_address>
         <run_address>0x6932</run_address>
         <size>0x65b</size>
         <input_file_ref idref="fl-12"/>
      </object_component>
      <object_component id="oc-4e">
         <name>.debug_info</name>
         <load_address>0x6f8d</load_address>
         <run_address>0x6f8d</run_address>
         <size>0x70a</size>
         <input_file_ref idref="fl-13"/>
      </object_component>
      <object_component id="oc-53">
         <name>.debug_info</name>
         <load_address>0x7697</load_address>
         <run_address>0x7697</run_address>
         <size>0xafb</size>
         <input_file_ref idref="fl-14"/>
      </object_component>
      <object_component id="oc-58">
         <name>.debug_info</name>
         <load_address>0x8192</load_address>
         <run_address>0x8192</run_address>
         <size>0xc8b</size>
         <input_file_ref idref="fl-15"/>
      </object_component>
      <object_component id="oc-5c">
         <name>.debug_info</name>
         <load_address>0x8e1d</load_address>
         <run_address>0x8e1d</run_address>
         <size>0xe8</size>
         <input_file_ref idref="fl-29"/>
      </object_component>
      <object_component id="oc-61">
         <name>.debug_info</name>
         <load_address>0x8f05</load_address>
         <run_address>0x8f05</run_address>
         <size>0x5fb</size>
         <input_file_ref idref="fl-2a"/>
      </object_component>
      <object_component id="oc-67">
         <name>.debug_info</name>
         <load_address>0x9500</load_address>
         <run_address>0x9500</run_address>
         <size>0xbc</size>
         <input_file_ref idref="fl-2b"/>
      </object_component>
      <object_component id="oc-6c">
         <name>.debug_info</name>
         <load_address>0x95bc</load_address>
         <run_address>0x95bc</run_address>
         <size>0x5bc</size>
         <input_file_ref idref="fl-2c"/>
      </object_component>
      <object_component id="oc-71">
         <name>.debug_info</name>
         <load_address>0x9b78</load_address>
         <run_address>0x9b78</run_address>
         <size>0x586</size>
         <input_file_ref idref="fl-2d"/>
      </object_component>
      <object_component id="oc-75">
         <name>.debug_info</name>
         <load_address>0xa0fe</load_address>
         <run_address>0xa0fe</run_address>
         <size>0xcd</size>
         <input_file_ref idref="fl-2e"/>
      </object_component>
      <object_component id="oc-9a">
         <name>.debug_info</name>
         <load_address>0xa1cb</load_address>
         <run_address>0xa1cb</run_address>
         <size>0x6e</size>
      </object_component>
      <object_component id="oc-17">
         <name>.debug_line</name>
         <load_address>0x0</load_address>
         <run_address>0x0</run_address>
         <size>0x64</size>
         <input_file_ref idref="fl-2"/>
      </object_component>
      <object_component id="oc-1e">
         <name>.debug_line</name>
         <load_address>0x64</load_address>
         <run_address>0x64</run_address>
         <size>0x128</size>
         <input_file_ref idref="fl-3"/>
      </object_component>
      <object_component id="oc-24">
         <name>.debug_line</name>
         <load_address>0x18c</load_address>
         <run_address>0x18c</run_address>
         <size>0x40</size>
         <input_file_ref idref="fl-a"/>
      </object_component>
      <object_component id="oc-29">
         <name>.debug_line</name>
         <load_address>0x1cc</load_address>
         <run_address>0x1cc</run_address>
         <size>0xb4</size>
         <input_file_ref idref="fl-b"/>
      </object_component>
      <object_component id="oc-2d">
         <name>.debug_line</name>
         <load_address>0x280</load_address>
         <run_address>0x280</run_address>
         <size>0x63</size>
         <input_file_ref idref="fl-c"/>
      </object_component>
      <object_component id="oc-31">
         <name>.debug_line</name>
         <load_address>0x2e3</load_address>
         <run_address>0x2e3</run_address>
         <size>0xa9</size>
         <input_file_ref idref="fl-d"/>
      </object_component>
      <object_component id="oc-37">
         <name>.debug_line</name>
         <load_address>0x38c</load_address>
         <run_address>0x38c</run_address>
         <size>0xd2</size>
         <input_file_ref idref="fl-e"/>
      </object_component>
      <object_component id="oc-3d">
         <name>.debug_line</name>
         <load_address>0x45e</load_address>
         <run_address>0x45e</run_address>
         <size>0x62</size>
         <input_file_ref idref="fl-f"/>
      </object_component>
      <object_component id="oc-41">
         <name>.debug_line</name>
         <load_address>0x4c0</load_address>
         <run_address>0x4c0</run_address>
         <size>0x6e</size>
         <input_file_ref idref="fl-10"/>
      </object_component>
      <object_component id="oc-47">
         <name>.debug_line</name>
         <load_address>0x52e</load_address>
         <run_address>0x52e</run_address>
         <size>0xb9</size>
         <input_file_ref idref="fl-11"/>
      </object_component>
      <object_component id="oc-4b">
         <name>.debug_line</name>
         <load_address>0x5e7</load_address>
         <run_address>0x5e7</run_address>
         <size>0x6e</size>
         <input_file_ref idref="fl-12"/>
      </object_component>
      <object_component id="oc-4f">
         <name>.debug_line</name>
         <load_address>0x655</load_address>
         <run_address>0x655</run_address>
         <size>0x8d</size>
         <input_file_ref idref="fl-13"/>
      </object_component>
      <object_component id="oc-55">
         <name>.debug_line</name>
         <load_address>0x6e2</load_address>
         <run_address>0x6e2</run_address>
         <size>0xbb</size>
         <input_file_ref idref="fl-14"/>
      </object_component>
      <object_component id="oc-59">
         <name>.debug_line</name>
         <load_address>0x79d</load_address>
         <run_address>0x79d</run_address>
         <size>0xf8</size>
         <input_file_ref idref="fl-15"/>
      </object_component>
      <object_component id="oc-5d">
         <name>.debug_line</name>
         <load_address>0x895</load_address>
         <run_address>0x895</run_address>
         <size>0x54</size>
         <input_file_ref idref="fl-29"/>
      </object_component>
      <object_component id="oc-64">
         <name>.debug_line</name>
         <load_address>0x8e9</load_address>
         <run_address>0x8e9</run_address>
         <size>0x51</size>
         <input_file_ref idref="fl-2a"/>
      </object_component>
      <object_component id="oc-68">
         <name>.debug_line</name>
         <load_address>0x93a</load_address>
         <run_address>0x93a</run_address>
         <size>0x37</size>
         <input_file_ref idref="fl-2b"/>
      </object_component>
      <object_component id="oc-6e">
         <name>.debug_line</name>
         <load_address>0x971</load_address>
         <run_address>0x971</run_address>
         <size>0x57</size>
         <input_file_ref idref="fl-2c"/>
      </object_component>
      <object_component id="oc-72">
         <name>.debug_line</name>
         <load_address>0x9c8</load_address>
         <run_address>0x9c8</run_address>
         <size>0x41</size>
         <input_file_ref idref="fl-2d"/>
      </object_component>
      <object_component id="oc-76">
         <name>.debug_line</name>
         <load_address>0xa09</load_address>
         <run_address>0xa09</run_address>
         <size>0x55</size>
         <input_file_ref idref="fl-2e"/>
      </object_component>
      <object_component id="oc-18">
         <name>.debug_abbrev</name>
         <load_address>0x0</load_address>
         <run_address>0x0</run_address>
         <size>0x2c</size>
         <input_file_ref idref="fl-2"/>
      </object_component>
      <object_component id="oc-1f">
         <name>.debug_abbrev</name>
         <load_address>0x2c</load_address>
         <run_address>0x2c</run_address>
         <size>0x134</size>
         <input_file_ref idref="fl-3"/>
      </object_component>
      <object_component id="oc-25">
         <name>.debug_abbrev</name>
         <load_address>0x160</load_address>
         <run_address>0x160</run_address>
         <size>0x112</size>
         <input_file_ref idref="fl-a"/>
      </object_component>
      <object_component id="oc-2a">
         <name>.debug_abbrev</name>
         <load_address>0x272</load_address>
         <run_address>0x272</run_address>
         <size>0x12c</size>
         <input_file_ref idref="fl-b"/>
      </object_component>
      <object_component id="oc-2e">
         <name>.debug_abbrev</name>
         <load_address>0x39e</load_address>
         <run_address>0x39e</run_address>
         <size>0xe6</size>
         <input_file_ref idref="fl-c"/>
      </object_component>
      <object_component id="oc-32">
         <name>.debug_abbrev</name>
         <load_address>0x484</load_address>
         <run_address>0x484</run_address>
         <size>0x164</size>
         <input_file_ref idref="fl-d"/>
      </object_component>
      <object_component id="oc-38">
         <name>.debug_abbrev</name>
         <load_address>0x5e8</load_address>
         <run_address>0x5e8</run_address>
         <size>0x15e</size>
         <input_file_ref idref="fl-e"/>
      </object_component>
      <object_component id="oc-3e">
         <name>.debug_abbrev</name>
         <load_address>0x746</load_address>
         <run_address>0x746</run_address>
         <size>0xd8</size>
         <input_file_ref idref="fl-f"/>
      </object_component>
      <object_component id="oc-42">
         <name>.debug_abbrev</name>
         <load_address>0x81e</load_address>
         <run_address>0x81e</run_address>
         <size>0xde</size>
         <input_file_ref idref="fl-10"/>
      </object_component>
      <object_component id="oc-48">
         <name>.debug_abbrev</name>
         <load_address>0x8fc</load_address>
         <run_address>0x8fc</run_address>
         <size>0xe0</size>
         <input_file_ref idref="fl-11"/>
      </object_component>
      <object_component id="oc-4c">
         <name>.debug_abbrev</name>
         <load_address>0x9dc</load_address>
         <run_address>0x9dc</run_address>
         <size>0xde</size>
         <input_file_ref idref="fl-12"/>
      </object_component>
      <object_component id="oc-50">
         <name>.debug_abbrev</name>
         <load_address>0xaba</load_address>
         <run_address>0xaba</run_address>
         <size>0x89</size>
         <input_file_ref idref="fl-13"/>
      </object_component>
      <object_component id="oc-56">
         <name>.debug_abbrev</name>
         <load_address>0xb43</load_address>
         <run_address>0xb43</run_address>
         <size>0xf0</size>
         <input_file_ref idref="fl-14"/>
      </object_component>
      <object_component id="oc-5a">
         <name>.debug_abbrev</name>
         <load_address>0xc33</load_address>
         <run_address>0xc33</run_address>
         <size>0xe3</size>
         <input_file_ref idref="fl-15"/>
      </object_component>
      <object_component id="oc-5e">
         <name>.debug_abbrev</name>
         <load_address>0xd16</load_address>
         <run_address>0xd16</run_address>
         <size>0x3a</size>
         <input_file_ref idref="fl-29"/>
      </object_component>
      <object_component id="oc-65">
         <name>.debug_abbrev</name>
         <load_address>0xd50</load_address>
         <run_address>0xd50</run_address>
         <size>0xf7</size>
         <input_file_ref idref="fl-2a"/>
      </object_component>
      <object_component id="oc-69">
         <name>.debug_abbrev</name>
         <load_address>0xe47</load_address>
         <run_address>0xe47</run_address>
         <size>0x26</size>
         <input_file_ref idref="fl-2b"/>
      </object_component>
      <object_component id="oc-6f">
         <name>.debug_abbrev</name>
         <load_address>0xe6d</load_address>
         <run_address>0xe6d</run_address>
         <size>0x9f</size>
         <input_file_ref idref="fl-2c"/>
      </object_component>
      <object_component id="oc-73">
         <name>.debug_abbrev</name>
         <load_address>0xf0c</load_address>
         <run_address>0xf0c</run_address>
         <size>0xec</size>
         <input_file_ref idref="fl-2d"/>
      </object_component>
      <object_component id="oc-77">
         <name>.debug_abbrev</name>
         <load_address>0xff8</load_address>
         <run_address>0xff8</run_address>
         <size>0x44</size>
         <input_file_ref idref="fl-2e"/>
      </object_component>
      <object_component id="oc-9b">
         <name>.debug_abbrev</name>
         <load_address>0x103c</load_address>
         <run_address>0x103c</run_address>
         <size>0xd</size>
      </object_component>
      <object_component id="oc-1d">
         <name>.debug_frame</name>
         <load_address>0x0</load_address>
         <run_address>0x0</run_address>
         <size>0xe5</size>
         <input_file_ref idref="fl-3"/>
      </object_component>
   </object_component_list>
   <logical_group_list>
      <logical_group id="lg-97">
         <name>.text</name>
         <load_address>0x20000</load_address>
         <run_address>0x20000</run_address>
         <size>0x1567</size>
         <contents>
            <object_component_ref idref="oc-2b"/>
            <object_component_ref idref="oc-33"/>
            <object_component_ref idref="oc-2f"/>
            <object_component_ref idref="oc-19"/>
            <object_component_ref idref="oc-57"/>
            <object_component_ref idref="oc-39"/>
            <object_component_ref idref="oc-20"/>
            <object_component_ref idref="oc-51"/>
            <object_component_ref idref="oc-43"/>
            <object_component_ref idref="oc-26"/>
            <object_component_ref idref="oc-4d"/>
            <object_component_ref idref="oc-15"/>
            <object_component_ref idref="oc-74"/>
            <object_component_ref idref="oc-70"/>
            <object_component_ref idref="oc-3f"/>
            <object_component_ref idref="oc-49"/>
            <object_component_ref idref="oc-5f"/>
            <object_component_ref idref="oc-13"/>
            <object_component_ref idref="oc-6a"/>
            <object_component_ref idref="oc-63"/>
            <object_component_ref idref="oc-66"/>
         </contents>
      </logical_group>
      <split_section id="lg-2">
         <name>.text</name>
         <contents>
            <logical_group_ref idref="lg-97"/>
         </contents>
      </split_section>
      <logical_group id="lg-3">
         <name>.stack</name>
         <run_address>0xc0</run_address>
         <size>0x2000</size>
         <contents>
            <object_component_ref idref="oc-5b"/>
            <object_component_ref idref="oc-94"/>
         </contents>
      </logical_group>
      <logical_group id="lg-4">
         <name>.sysstack</name>
         <run_address>0x20c0</run_address>
         <size>0x1000</size>
         <contents>
            <object_component_ref idref="oc-78"/>
            <object_component_ref idref="oc-95"/>
         </contents>
      </logical_group>
      <logical_group id="lg-5">
         <name>.data</name>
         <run_address>0xc0</run_address>
         <size>0x0</size>
         <contents>
         </contents>
      </logical_group>
      <logical_group id="lg-98">
         <name>.bss</name>
         <run_address>0x30c0</run_address>
         <size>0x218</size>
         <contents>
            <object_component_ref idref="oc-34"/>
            <object_component_ref idref="oc-21"/>
            <object_component_ref idref="oc-3a"/>
            <object_component_ref idref="oc-1a"/>
            <object_component_ref idref="oc-6b"/>
            <object_component_ref idref="oc-60"/>
            <object_component_ref idref="oc-27"/>
            <object_component_ref idref="oc-44"/>
            <object_component_ref idref="oc-52"/>
         </contents>
      </logical_group>
      <split_section id="lg-6">
         <name>.bss</name>
         <contents>
            <logical_group_ref idref="lg-98"/>
         </contents>
      </split_section>
      <logical_group id="lg-99">
         <name>.const</name>
         <load_address>0x32d8</load_address>
         <run_address>0x32d8</run_address>
         <size>0x122</size>
         <contents>
            <object_component_ref idref="oc-1c"/>
            <object_component_ref idref="oc-79"/>
         </contents>
      </logical_group>
      <split_section id="lg-7">
         <name>.const</name>
         <contents>
            <logical_group_ref idref="lg-99"/>
         </contents>
      </split_section>
      <logical_group id="lg-8">
         <name>.sysmem</name>
         <run_address>0x0</run_address>
         <size>0x0</size>
         <contents>
         </contents>
      </logical_group>
      <logical_group id="lg-9">
         <name>.switch</name>
         <run_address>0x0</run_address>
         <size>0x0</size>
         <contents>
         </contents>
      </logical_group>
      <logical_group id="lg-a">
         <name>.cinit</name>
         <load_address>0x40000</load_address>
         <run_address>0x40000</run_address>
         <size>0x27a</size>
         <contents>
            <object_component_ref idref="oc-36"/>
            <object_component_ref idref="oc-23"/>
            <object_component_ref idref="oc-3c"/>
            <object_component_ref idref="oc-6d"/>
            <object_component_ref idref="oc-62"/>
            <object_component_ref idref="oc-46"/>
            <object_component_ref idref="oc-54"/>
         </contents>
      </logical_group>
      <logical_group id="lg-b">
         <name>.pinit</name>
         <run_address>0x0</run_address>
         <size>0x0</size>
         <contents>
         </contents>
      </logical_group>
      <logical_group id="lg-c">
         <name>.cio</name>
         <run_address>0x0</run_address>
         <size>0x0</size>
         <contents>
         </contents>
      </logical_group>
      <logical_group id="lg-d">
         <name>.args</name>
         <run_address>0x0</run_address>
         <size>0x0</size>
         <contents>
         </contents>
      </logical_group>
      <logical_group id="lg-e">
         <name>vectors</name>
         <load_address>0x4fe00</load_address>
         <run_address>0x4fe00</run_address>
         <size>0x100</size>
         <contents>
            <object_component_ref idref="oc-14"/>
         </contents>
      </logical_group>
      <logical_group id="lg-f">
         <name>.ioport</name>
         <run_address>0x0</run_address>
         <size>0x0</size>
         <contents>
         </contents>
      </logical_group>
      <logical_group id="lg-10">
         <name>.fftcode</name>
         <run_address>0x0</run_address>
         <size>0x0</size>
         <contents>
         </contents>
      </logical_group>
      <logical_group id="lg-11">
         <name>.data:twiddle</name>
         <run_address>0x0</run_address>
         <size>0x0</size>
         <contents>
         </contents>
      </logical_group>
      <logical_group id="lg-12">
         <name>.input</name>
         <run_address>0x0</run_address>
         <size>0x0</size>
         <contents>
         </contents>
      </logical_group>
      <logical_group id="lg-8b">
         <name>.debug_info</name>
         <load_address>0x0</load_address>
         <run_address>0x0</run_address>
         <size>0xa239</size>
         <contents>
            <object_component_ref idref="oc-16"/>
            <object_component_ref idref="oc-1b"/>
            <object_component_ref idref="oc-22"/>
            <object_component_ref idref="oc-28"/>
            <object_component_ref idref="oc-2c"/>
            <object_component_ref idref="oc-30"/>
            <object_component_ref idref="oc-35"/>
            <object_component_ref idref="oc-3b"/>
            <object_component_ref idref="oc-40"/>
            <object_component_ref idref="oc-45"/>
            <object_component_ref idref="oc-4a"/>
            <object_component_ref idref="oc-4e"/>
            <object_component_ref idref="oc-53"/>
            <object_component_ref idref="oc-58"/>
            <object_component_ref idref="oc-5c"/>
            <object_component_ref idref="oc-61"/>
            <object_component_ref idref="oc-67"/>
            <object_component_ref idref="oc-6c"/>
            <object_component_ref idref="oc-71"/>
            <object_component_ref idref="oc-75"/>
            <object_component_ref idref="oc-9a"/>
         </contents>
      </logical_group>
      <logical_group id="lg-8d">
         <name>.debug_line</name>
         <load_address>0x0</load_address>
         <run_address>0x0</run_address>
         <size>0xa5e</size>
         <contents>
            <object_component_ref idref="oc-17"/>
            <object_component_ref idref="oc-1e"/>
            <object_component_ref idref="oc-24"/>
            <object_component_ref idref="oc-29"/>
            <object_component_ref idref="oc-2d"/>
            <object_component_ref idref="oc-31"/>
            <object_component_ref idref="oc-37"/>
            <object_component_ref idref="oc-3d"/>
            <object_component_ref idref="oc-41"/>
            <object_component_ref idref="oc-47"/>
            <object_component_ref idref="oc-4b"/>
            <object_component_ref idref="oc-4f"/>
            <object_component_ref idref="oc-55"/>
            <object_component_ref idref="oc-59"/>
            <object_component_ref idref="oc-5d"/>
            <object_component_ref idref="oc-64"/>
            <object_component_ref idref="oc-68"/>
            <object_component_ref idref="oc-6e"/>
            <object_component_ref idref="oc-72"/>
            <object_component_ref idref="oc-76"/>
         </contents>
      </logical_group>
      <logical_group id="lg-8f">
         <name>.debug_abbrev</name>
         <load_address>0x0</load_address>
         <run_address>0x0</run_address>
         <size>0x1049</size>
         <contents>
            <object_component_ref idref="oc-18"/>
            <object_component_ref idref="oc-1f"/>
            <object_component_ref idref="oc-25"/>
            <object_component_ref idref="oc-2a"/>
            <object_component_ref idref="oc-2e"/>
            <object_component_ref idref="oc-32"/>
            <object_component_ref idref="oc-38"/>
            <object_component_ref idref="oc-3e"/>
            <object_component_ref idref="oc-42"/>
            <object_component_ref idref="oc-48"/>
            <object_component_ref idref="oc-4c"/>
            <object_component_ref idref="oc-50"/>
            <object_component_ref idref="oc-56"/>
            <object_component_ref idref="oc-5a"/>
            <object_component_ref idref="oc-5e"/>
            <object_component_ref idref="oc-65"/>
            <object_component_ref idref="oc-69"/>
            <object_component_ref idref="oc-6f"/>
            <object_component_ref idref="oc-73"/>
            <object_component_ref idref="oc-77"/>
            <object_component_ref idref="oc-9b"/>
         </contents>
      </logical_group>
      <logical_group id="lg-91">
         <name>.debug_frame</name>
         <load_address>0x0</load_address>
         <run_address>0x0</run_address>
         <size>0xe5</size>
         <contents>
            <object_component_ref idref="oc-1d"/>
         </contents>
      </logical_group>
   </logical_group_list>
   <placement_map>
      <memory_area>
         <name>MMR</name>
         <page_id>0x0</page_id>
         <origin>0x0</origin>
         <length>0xc0</length>
         <used_space>0x0</used_space>
         <unused_space>0xc0</unused_space>
         <attributes>RWIX</attributes>
         <usage_details>
         </usage_details>
      </memory_area>
      <memory_area>
         <name>DARAM0</name>
         <page_id>0x0</page_id>
         <origin>0xc0</origin>
         <length>0xff40</length>
         <used_space>0x333a</used_space>
         <unused_space>0xcc06</unused_space>
         <attributes>RWIX</attributes>
         <usage_details>
            <allocated_space>
               <start_address>0xc0</start_address>
               <size>0x0</size>
               <logical_group_ref idref="lg-5"/>
            </allocated_space>
            <allocated_space>
               <start_address>0xc0</start_address>
               <size>0x2000</size>
               <logical_group_ref idref="lg-3"/>
            </allocated_space>
            <allocated_space>
               <start_address>0x20c0</start_address>
               <size>0x1000</size>
               <logical_group_ref idref="lg-4"/>
            </allocated_space>
            <allocated_space>
               <start_address>0x30c0</start_address>
               <size>0x218</size>
               <logical_group_ref idref="lg-98"/>
            </allocated_space>
            <allocated_space>
               <start_address>0x32d8</start_address>
               <size>0x122</size>
               <logical_group_ref idref="lg-99"/>
            </allocated_space>
            <available_space>
               <start_address>0x33fa</start_address>
               <size>0xcc06</size>
            </available_space>
         </usage_details>
      </memory_area>
      <memory_area>
         <name>SARAM0</name>
         <page_id>0x0</page_id>
         <origin>0x10000</origin>
         <length>0x10000</length>
         <used_space>0x0</used_space>
         <unused_space>0x10000</unused_space>
         <attributes>RWIX</attributes>
         <usage_details>
         </usage_details>
      </memory_area>
      <memory_area>
         <name>SARAM1</name>
         <page_id>0x0</page_id>
         <origin>0x20000</origin>
         <length>0x20000</length>
         <used_space>0x1567</used_space>
         <unused_space>0x1ea99</unused_space>
         <attributes>RWIX</attributes>
         <usage_details>
            <allocated_space>
               <start_address>0x20000</start_address>
               <size>0x1567</size>
               <logical_group_ref idref="lg-97"/>
            </allocated_space>
            <available_space>
               <start_address>0x21567</start_address>
               <size>0x1ea99</size>
            </available_space>
         </usage_details>
      </memory_area>
      <memory_area>
         <name>SARAM2</name>
         <page_id>0x0</page_id>
         <origin>0x40000</origin>
         <length>0xfe00</length>
         <used_space>0x27a</used_space>
         <unused_space>0xfb86</unused_space>
         <attributes>RWIX</attributes>
         <usage_details>
            <allocated_space>
               <start_address>0x40000</start_address>
               <size>0x27a</size>
               <logical_group_ref idref="lg-a"/>
            </allocated_space>
            <available_space>
               <start_address>0x4027a</start_address>
               <size>0xfb86</size>
            </available_space>
         </usage_details>
      </memory_area>
      <memory_area>
         <name>VECS</name>
         <page_id>0x0</page_id>
         <origin>0x4fe00</origin>
         <length>0x200</length>
         <used_space>0x100</used_space>
         <unused_space>0x100</unused_space>
         <attributes>RWIX</attributes>
         <usage_details>
            <allocated_space>
               <start_address>0x4fe00</start_address>
               <size>0x100</size>
               <logical_group_ref idref="lg-e"/>
            </allocated_space>
            <available_space>
               <start_address>0x4ff00</start_address>
               <size>0x100</size>
            </available_space>
         </usage_details>
      </memory_area>
      <memory_area>
         <name>PDROM</name>
         <page_id>0x0</page_id>
         <origin>0xff8000</origin>
         <length>0x8000</length>
         <used_space>0x0</used_space>
         <unused_space>0x8000</unused_space>
         <attributes>RIX</attributes>
         <usage_details>
         </usage_details>
      </memory_area>
      <memory_area>
         <name>IOPORT</name>
         <page_id>0x2</page_id>
         <origin>0x0</origin>
         <length>0x20000</length>
         <used_space>0x0</used_space>
         <unused_space>0x20000</unused_space>
         <attributes>RWI</attributes>
         <usage_details>
         </usage_details>
      </memory_area>
   </placement_map>
   <symbol_table>
      <symbol id="sm-0">
         <name>$TI_capability$C5500$CallingConvention</name>
         <value>0x2</value>
      </symbol>
      <symbol id="sm-1">
         <name>$TI_capability$C5500$MemoryModel</name>
         <value>0x8</value>
      </symbol>
      <symbol id="sm-2">
         <name>$TI_capability_requires_rev3</name>
         <value>0x1</value>
      </symbol>
      <symbol id="sm-3">
         <name>cinit</name>
         <value>0x40000</value>
      </symbol>
      <symbol id="sm-4">
         <name>___cinit__</name>
         <value>0x40000</value>
      </symbol>
      <symbol id="sm-5">
         <name>pinit</name>
         <value>0xffffffff</value>
      </symbol>
      <symbol id="sm-6">
         <name>___pinit__</name>
         <value>0xffffffff</value>
      </symbol>
      <symbol id="sm-7">
         <name>binit</name>
         <value>0xffffffff</value>
      </symbol>
      <symbol id="sm-8">
         <name>___binit__</name>
         <value>0xffffffff</value>
      </symbol>
      <symbol id="sm-9">
         <name>__STACK_SIZE</name>
         <value>0x2000</value>
      </symbol>
      <symbol id="sm-a">
         <name>__STACK_END</name>
         <value>0x20c0</value>
      </symbol>
      <symbol id="sm-b">
         <name>___c_args__</name>
         <value>0xffffffff</value>
      </symbol>
      <symbol id="sm-c">
         <name>__SYSSTACK_SIZE</name>
         <value>0x1000</value>
      </symbol>
      <symbol id="sm-d">
         <name>.text</name>
         <value>0xffffffff</value>
      </symbol>
      <symbol id="sm-e">
         <name>___text__</name>
         <value>0xffffffff</value>
      </symbol>
      <symbol id="sm-f">
         <name>etext</name>
         <value>0xffffffff</value>
      </symbol>
      <symbol id="sm-10">
         <name>___etext__</name>
         <value>0xffffffff</value>
      </symbol>
      <symbol id="sm-11">
         <name>.data</name>
         <value>0xffffffff</value>
      </symbol>
      <symbol id="sm-12">
         <name>___data__</name>
         <value>0xffffffff</value>
      </symbol>
      <symbol id="sm-13">
         <name>edata</name>
         <value>0xffffffff</value>
      </symbol>
      <symbol id="sm-14">
         <name>___edata__</name>
         <value>0xffffffff</value>
      </symbol>
      <symbol id="sm-15">
         <name>.bss</name>
         <value>0xffffffff</value>
      </symbol>
      <symbol id="sm-16">
         <name>___bss__</name>
         <value>0xffffffff</value>
      </symbol>
      <symbol id="sm-17">
         <name>end</name>
         <value>0xffffffff</value>
      </symbol>
      <symbol id="sm-18">
         <name>___end__</name>
         <value>0xffffffff</value>
      </symbol>
      <symbol id="sm-50">
         <name>_iircas51</name>
         <value>0x21337</value>
         <object_component_ref idref="oc-15"/>
      </symbol>
      <symbol id="sm-9e">
         <name>_wsp_iir</name>
         <value>0x33f0</value>
         <object_component_ref idref="oc-79"/>
      </symbol>
      <symbol id="sm-9f">
         <name>_main</name>
         <value>0x20957</value>
         <object_component_ref idref="oc-19"/>
      </symbol>
      <symbol id="sm-a0">
         <name>_bufor</name>
         <value>0x32b2</value>
         <object_component_ref idref="oc-1a"/>
      </symbol>
      <symbol id="sm-ae">
         <name>_pllObj</name>
         <value>0x3238</value>
         <object_component_ref idref="oc-21"/>
      </symbol>
      <symbol id="sm-af">
         <name>_pConfigInfo</name>
         <value>0x32a0</value>
         <object_component_ref idref="oc-21"/>
      </symbol>
      <symbol id="sm-b0">
         <name>_pllCfg_75MHz</name>
         <value>0x3280</value>
         <object_component_ref idref="oc-21"/>
      </symbol>
      <symbol id="sm-b1">
         <name>_hPll</name>
         <value>0x324c</value>
         <object_component_ref idref="oc-21"/>
      </symbol>
      <symbol id="sm-b2">
         <name>_pllCfg_98MHz</name>
         <value>0x3288</value>
         <object_component_ref idref="oc-21"/>
      </symbol>
      <symbol id="sm-b3">
         <name>_pllCfg_100MHz</name>
         <value>0x3290</value>
         <object_component_ref idref="oc-21"/>
      </symbol>
      <symbol id="sm-b4">
         <name>_pllCfg_40MHz</name>
         <value>0x3270</value>
         <object_component_ref idref="oc-21"/>
      </symbol>
      <symbol id="sm-b5">
         <name>_pllCfg_2MHz</name>
         <value>0x3258</value>
         <object_component_ref idref="oc-21"/>
      </symbol>
      <symbol id="sm-b6">
         <name>_pllCfg1</name>
         <value>0x3244</value>
         <object_component_ref idref="oc-21"/>
      </symbol>
      <symbol id="sm-b7">
         <name>_pll_frequency_setup</name>
         <value>0x20dec</value>
         <object_component_ref idref="oc-20"/>
      </symbol>
      <symbol id="sm-b8">
         <name>_pllCfg_120MHz</name>
         <value>0x3298</value>
         <object_component_ref idref="oc-21"/>
      </symbol>
      <symbol id="sm-b9">
         <name>_pllCfg_12MHz</name>
         <value>0x3260</value>
         <object_component_ref idref="oc-21"/>
      </symbol>
      <symbol id="sm-ba">
         <name>_pllCfg_1MHz</name>
         <value>0x3250</value>
         <object_component_ref idref="oc-21"/>
      </symbol>
      <symbol id="sm-bb">
         <name>_pllCfg_60MHz</name>
         <value>0x3278</value>
         <object_component_ref idref="oc-21"/>
      </symbol>
      <symbol id="sm-bc">
         <name>_pllCfg_12p288MHz</name>
         <value>0x3268</value>
         <object_component_ref idref="oc-21"/>
      </symbol>
      <symbol id="sm-c8">
         <name>_aic3204_disable</name>
         <value>0x21190</value>
         <object_component_ref idref="oc-26"/>
      </symbol>
      <symbol id="sm-c9">
         <name>_aic3204_hardware_init</name>
         <value>0x21164</value>
         <object_component_ref idref="oc-26"/>
      </symbol>
      <symbol id="sm-ca">
         <name>_AIC3204_rset</name>
         <value>0x21176</value>
         <object_component_ref idref="oc-26"/>
      </symbol>
      <symbol id="sm-cb">
         <name>_aic3204_codec_read</name>
         <value>0x211d2</value>
         <object_component_ref idref="oc-26"/>
      </symbol>
      <symbol id="sm-cc">
         <name>_counter1</name>
         <value>0x32cc</value>
         <object_component_ref idref="oc-27"/>
      </symbol>
      <symbol id="sm-cd">
         <name>_counter2</name>
         <value>0x32ce</value>
         <object_component_ref idref="oc-27"/>
      </symbol>
      <symbol id="sm-ce">
         <name>_AIC3204_rget</name>
         <value>0x2120c</value>
         <object_component_ref idref="oc-26"/>
      </symbol>
      <symbol id="sm-cf">
         <name>_aic3204_codec_write</name>
         <value>0x211a2</value>
         <object_component_ref idref="oc-26"/>
      </symbol>
      <symbol id="sm-d9">
         <name>_set_sampling_frequency_and_gain</name>
         <value>0x20000</value>
         <object_component_ref idref="oc-2b"/>
      </symbol>
      <symbol id="sm-da">
         <name>_aic3204_init</name>
         <value>0x20292</value>
         <object_component_ref idref="oc-2b"/>
      </symbol>
      <symbol id="sm-e8">
         <name>_PLL_enable</name>
         <value>0x207f5</value>
         <object_component_ref idref="oc-2f"/>
      </symbol>
      <symbol id="sm-e9">
         <name>_PLL_bypass</name>
         <value>0x20920</value>
         <object_component_ref idref="oc-2f"/>
      </symbol>
      <symbol id="sm-ea">
         <name>_PLL_reset</name>
         <value>0x2077e</value>
         <object_component_ref idref="oc-2f"/>
      </symbol>
      <symbol id="sm-eb">
         <name>_PLL_init</name>
         <value>0x207d6</value>
         <object_component_ref idref="oc-2f"/>
      </symbol>
      <symbol id="sm-ec">
         <name>_PLL_config</name>
         <value>0x20840</value>
         <object_component_ref idref="oc-2f"/>
      </symbol>
      <symbol id="sm-fc">
         <name>_printCharacter</name>
         <value>0x2048a</value>
         <object_component_ref idref="oc-33"/>
      </symbol>
      <symbol id="sm-fd">
         <name>_OSD9616_multiSend</name>
         <value>0x2069b</value>
         <object_component_ref idref="oc-33"/>
      </symbol>
      <symbol id="sm-fe">
         <name>_character_set</name>
         <value>0x30c0</value>
         <object_component_ref idref="oc-34"/>
      </symbol>
      <symbol id="sm-ff">
         <name>_oled_init</name>
         <value>0x20576</value>
         <object_component_ref idref="oc-33"/>
      </symbol>
      <symbol id="sm-100">
         <name>_number_set</name>
         <value>0x3190</value>
         <object_component_ref idref="oc-34"/>
      </symbol>
      <symbol id="sm-101">
         <name>_OSD9616_send</name>
         <value>0x20470</value>
         <object_component_ref idref="oc-33"/>
      </symbol>
      <symbol id="sm-102">
         <name>_oled_display_message</name>
         <value>0x206d9</value>
         <object_component_ref idref="oc-33"/>
      </symbol>
      <symbol id="sm-103">
         <name>_printMessage</name>
         <value>0x204c2</value>
         <object_component_ref idref="oc-33"/>
      </symbol>
      <symbol id="sm-111">
         <name>_pushbuttons_read</name>
         <value>0x20c83</value>
         <object_component_ref idref="oc-39"/>
      </symbol>
      <symbol id="sm-112">
         <name>_SAR_init_pushbuttons</name>
         <value>0x20dd4</value>
         <object_component_ref idref="oc-39"/>
      </symbol>
      <symbol id="sm-11c">
         <name>_USBSTK5505_waitusec</name>
         <value>0x2147a</value>
         <object_component_ref idref="oc-3f"/>
      </symbol>
      <symbol id="sm-11d">
         <name>_USBSTK5505_wait</name>
         <value>0x2144f</value>
         <object_component_ref idref="oc-3f"/>
      </symbol>
      <symbol id="sm-11e">
         <name>_USBSTK5505_init</name>
         <value>0x21486</value>
         <object_component_ref idref="oc-3f"/>
      </symbol>
      <symbol id="sm-12c">
         <name>_USBSTK5505_I2C_reset</name>
         <value>0x21074</value>
         <object_component_ref idref="oc-43"/>
      </symbol>
      <symbol id="sm-12d">
         <name>_USBSTK5505_I2C_read</name>
         <value>0x210f4</value>
         <object_component_ref idref="oc-43"/>
      </symbol>
      <symbol id="sm-12e">
         <name>_USBSTK5505_I2C_close</name>
         <value>0x2104c</value>
         <object_component_ref idref="oc-43"/>
      </symbol>
      <symbol id="sm-12f">
         <name>_USBSTK5505_I2C_write</name>
         <value>0x21082</value>
         <object_component_ref idref="oc-43"/>
      </symbol>
      <symbol id="sm-130">
         <name>_USBSTK5505_I2C_init</name>
         <value>0x21055</value>
         <object_component_ref idref="oc-43"/>
      </symbol>
      <symbol id="sm-13a">
         <name>_USBSTK5515_wait</name>
         <value>0x21494</value>
         <object_component_ref idref="oc-49"/>
      </symbol>
      <symbol id="sm-13b">
         <name>_USBSTK5515_init</name>
         <value>0x214cb</value>
         <object_component_ref idref="oc-49"/>
      </symbol>
      <symbol id="sm-13c">
         <name>_USBSTK5515_waitusec</name>
         <value>0x214bf</value>
         <object_component_ref idref="oc-49"/>
      </symbol>
      <symbol id="sm-146">
         <name>_USBSTK5515_GPIO_setOutput</name>
         <value>0x2124f</value>
         <object_component_ref idref="oc-4d"/>
      </symbol>
      <symbol id="sm-147">
         <name>_USBSTK5515_GPIO_setDirection</name>
         <value>0x212a4</value>
         <object_component_ref idref="oc-4d"/>
      </symbol>
      <symbol id="sm-148">
         <name>_USBSTK5515_GPIO_init</name>
         <value>0x212f9</value>
         <object_component_ref idref="oc-4d"/>
      </symbol>
      <symbol id="sm-149">
         <name>_USBSTK5515_GPIO_getInput</name>
         <value>0x212fd</value>
         <object_component_ref idref="oc-4d"/>
      </symbol>
      <symbol id="sm-157">
         <name>_USBSTK5515_I2C_close</name>
         <value>0x20f30</value>
         <object_component_ref idref="oc-51"/>
      </symbol>
      <symbol id="sm-158">
         <name>_USBSTK5515_I2C_read</name>
         <value>0x20fdc</value>
         <object_component_ref idref="oc-51"/>
      </symbol>
      <symbol id="sm-159">
         <name>_USBSTK5515_I2C_write</name>
         <value>0x20f66</value>
         <object_component_ref idref="oc-51"/>
      </symbol>
      <symbol id="sm-15a">
         <name>_USBSTK5515_I2C_reset</name>
         <value>0x20f58</value>
         <object_component_ref idref="oc-51"/>
      </symbol>
      <symbol id="sm-15b">
         <name>_USBSTK5515_I2C_init</name>
         <value>0x20f39</value>
         <object_component_ref idref="oc-51"/>
      </symbol>
      <symbol id="sm-165">
         <name>_USBSTK5515_ULED_toggle</name>
         <value>0x20b9e</value>
         <object_component_ref idref="oc-57"/>
      </symbol>
      <symbol id="sm-166">
         <name>_USBSTK5515_LED_on</name>
         <value>0x20c64</value>
         <object_component_ref idref="oc-57"/>
      </symbol>
      <symbol id="sm-167">
         <name>_USBSTK5515_LED_off</name>
         <value>0x20c6f</value>
         <object_component_ref idref="oc-57"/>
      </symbol>
      <symbol id="sm-168">
         <name>_USBSTK5515_ULED_on</name>
         <value>0x20bd5</value>
         <object_component_ref idref="oc-57"/>
      </symbol>
      <symbol id="sm-169">
         <name>_USBSTK5515_ULED_off</name>
         <value>0x20c06</value>
         <object_component_ref idref="oc-57"/>
      </symbol>
      <symbol id="sm-16a">
         <name>_USBSTK5515_ULED_getall</name>
         <value>0x20b05</value>
         <object_component_ref idref="oc-57"/>
      </symbol>
      <symbol id="sm-16b">
         <name>_USBSTK5515_ULED_setall</name>
         <value>0x20b4c</value>
         <object_component_ref idref="oc-57"/>
      </symbol>
      <symbol id="sm-16c">
         <name>_USBSTK5515_ULED_init</name>
         <value>0x20c35</value>
         <object_component_ref idref="oc-57"/>
      </symbol>
      <symbol id="sm-16d">
         <name>_USBSTK5515_LED_init</name>
         <value>0x20c7a</value>
         <object_component_ref idref="oc-57"/>
      </symbol>
      <symbol id="sm-179">
         <name>__sysstack</name>
         <value>0x20c0</value>
         <object_component_ref idref="oc-78"/>
      </symbol>
      <symbol id="sm-17a">
         <name>_c_int00</name>
         <value>0x21517</value>
         <object_component_ref idref="oc-13"/>
      </symbol>
      <symbol id="sm-17b">
         <name>__stack</name>
         <value>0xc0</value>
         <object_component_ref idref="oc-5b"/>
      </symbol>
      <symbol id="sm-18b">
         <name>C$$EXIT</name>
         <value>0x2155e</value>
         <object_component_ref idref="oc-63"/>
      </symbol>
      <symbol id="sm-18c">
         <name>_exit</name>
         <value>0x214d9</value>
         <object_component_ref idref="oc-5f"/>
      </symbol>
      <symbol id="sm-18d">
         <name>_abort</name>
         <value>0x2155d</value>
         <object_component_ref idref="oc-63"/>
      </symbol>
      <symbol id="sm-18e">
         <name>__cleanup_ptr</name>
         <value>0x32c4</value>
         <object_component_ref idref="oc-60"/>
      </symbol>
      <symbol id="sm-18f">
         <name>__dtors_ptr</name>
         <value>0x32c8</value>
         <object_component_ref idref="oc-60"/>
      </symbol>
      <symbol id="sm-199">
         <name>_Reset</name>
         <value>0x4fe00</value>
         <object_component_ref idref="oc-14"/>
      </symbol>
      <symbol id="sm-1a7">
         <name>__unlock</name>
         <value>0x32c0</value>
         <object_component_ref idref="oc-6b"/>
      </symbol>
      <symbol id="sm-1a8">
         <name>__lock</name>
         <value>0x32bc</value>
         <object_component_ref idref="oc-6b"/>
      </symbol>
      <symbol id="sm-1a9">
         <name>__register_lock</name>
         <value>0x21553</value>
         <object_component_ref idref="oc-6a"/>
      </symbol>
      <symbol id="sm-1aa">
         <name>__nop</name>
         <value>0x2155b</value>
         <object_component_ref idref="oc-6a"/>
      </symbol>
      <symbol id="sm-1ab">
         <name>__register_unlock</name>
         <value>0x2154b</value>
         <object_component_ref idref="oc-6a"/>
      </symbol>
      <symbol id="sm-1b5">
         <name>__args_main</name>
         <value>0x21406</value>
         <object_component_ref idref="oc-70"/>
      </symbol>
      <symbol id="sm-1b6">
         <name>__TI_args_main</name>
         <value>0x1</value>
      </symbol>
      <symbol id="sm-1be">
         <name>_auto_init</name>
         <value>0x213b9</value>
         <object_component_ref idref="oc-74"/>
      </symbol>
   </symbol_table>
</link_info>
